Merge made by the 'ort' strategy.
 .../plans/2026-06-01-ai-career-matrix.md           | 209 ++++++++++++++
 .../plans/2026-06-01-ai-course-drawer-matrix.md    | 206 ++++++++++++++
 .../2026-06-01-ai-learning-companion-panel.md      | 211 ++++++++++++++
 .../2026-06-01-ai-course-drawer-matrix-design.md   | 313 +++++++++++++++++++++
 ...026-06-01-ai-learning-companion-panel-design.md | 249 ++++++++++++++++
 .../ai-career-matrix/ai-career-matrix-final.png    | Bin 0 -> 1464443 bytes
 .../ai-career-matrix/ai-career-matrix-v1.png       | Bin 0 -> 1473535 bytes
 .../outputs/ai-career-matrix/notes.md              |   6 +
 .../ai-course-drawer-matrix-final.png              | Bin 0 -> 1387979 bytes
 .../ai-course-drawer-matrix-v1.png                 | Bin 0 -> 1389185 bytes
 .../outputs/ai-course-drawer-matrix/notes.md       |   6 +
 .../ai-learning-companion-panel-v1.png             | Bin 0 -> 1269353 bytes
 .../outputs/ai-learning-companion-panel/notes.md   |   5 +
 13 files changed, 1205 insertions(+)
 create mode 100644 major-construction-platform/docs/superpowers/plans/2026-06-01-ai-career-matrix.md
 create mode 100644 major-construction-platform/docs/superpowers/plans/2026-06-01-ai-course-drawer-matrix.md
 create mode 100644 major-construction-platform/docs/superpowers/plans/2026-06-01-ai-learning-companion-panel.md
 create mode 100644 major-construction-platform/docs/superpowers/specs/2026-06-01-ai-course-drawer-matrix-design.md
 create mode 100644 major-construction-platform/docs/superpowers/specs/2026-06-01-ai-learning-companion-panel-design.md
 create mode 100644 major-construction-platform/outputs/ai-career-matrix/ai-career-matrix-final.png
 create mode 100644 major-construction-platform/outputs/ai-career-matrix/ai-career-matrix-v1.png
 create mode 100644 major-construction-platform/outputs/ai-career-matrix/notes.md
 create mode 100644 major-construction-platform/outputs/ai-course-drawer-matrix/ai-course-drawer-matrix-final.png
 create mode 100644 major-construction-platform/outputs/ai-course-drawer-matrix/ai-course-drawer-matrix-v1.png
 create mode 100644 major-construction-platform/outputs/ai-course-drawer-matrix/notes.md
 create mode 100644 major-construction-platform/outputs/ai-learning-companion-panel/ai-learning-companion-panel-v1.png
 create mode 100644 major-construction-platform/outputs/ai-learning-companion-panel/notes.md
